Copyright 1986-2022 Xilinx, Inc. All Rights Reserved. Copyright 2022-2024 Advanced Micro Devices, Inc. All Rights Reserved.
-------------------------------------------------------------------------------------------------------------------------------------------------------------------
| Tool Version : Vivado v.2024.2 (lin64) Build 5239630 Fri Nov 08 22:34:34 MST 2024
| Date         : Sun Sep 13 13:47:52 2026
| Host         : dlgus0630-850XAC running 64-bit Ubuntu 24.04.4 LTS
| Command      : report_timing_summary -report_unconstrained -file /home/dlgus0630/Downloads/fpga_fourier_pid_v4/Project07_MotorControl/reports/laplace/timing.rpt
| Design       : laplace_basys3_top
| Device       : 7a35t-cpg236
| Speed File   : -1  PRODUCTION 1.23 2018-06-13
| Design State : Routed
-------------------------------------------------------------------------------------------------------------------------------------------------------------------

Timing Summary Report

------------------------------------------------------------------------------------------------
| Timer Settings
| --------------
------------------------------------------------------------------------------------------------

  Enable Multi Corner Analysis               :  Yes
  Enable Pessimism Removal                   :  Yes
  Pessimism Removal Resolution               :  Nearest Common Node
  Enable Input Delay Default Clock           :  No
  Enable Preset / Clear Arcs                 :  No
  Disable Flight Delays                      :  No
  Ignore I/O Paths                           :  No
  Timing Early Launch at Borrowing Latches   :  No
  Borrow Time for Max Delay Exceptions       :  Yes
  Merge Timing Exceptions                    :  Yes
  Inter-SLR Compensation                     :  Conservative

  Corner  Analyze    Analyze    
  Name    Max Paths  Min Paths  
  ------  ---------  ---------  
  Slow    Yes        Yes        
  Fast    Yes        Yes        


------------------------------------------------------------------------------------------------
| Report Methodology
| ------------------
------------------------------------------------------------------------------------------------

No report available as report_methodology has not been run prior. Run report_methodology on the current design for the summary of methodology violations.



check_timing report

Table of Contents
-----------------
1. checking no_clock (0)
2. checking constant_clock (0)
3. checking pulse_width_clock (0)
4. checking unconstrained_internal_endpoints (0)
5. checking no_input_delay (7)
6. checking no_output_delay (18)
7. checking multiple_clock (0)
8. checking generated_clocks (0)
9. checking loops (0)
10. checking partial_input_delay (0)
11. checking partial_output_delay (0)
12. checking latch_loops (0)

1. checking no_clock (0)
------------------------
 There are 0 register/latch pins with no clock.


2. checking constant_clock (0)
------------------------------
 There are 0 register/latch pins with constant_clock.


3. checking pulse_width_clock (0)
---------------------------------
 There are 0 register/latch pins which need pulse_width check


4. checking unconstrained_internal_endpoints (0)
------------------------------------------------
 There are 0 pins that are not constrained for maximum delay.

 There are 0 pins that are not constrained for maximum delay due to constant clock.


5. checking no_input_delay (7)
------------------------------
 There are 0 input ports with no input delay specified.

 There are 7 input ports with no input delay but user has a false path constraint. (MEDIUM)


6. checking no_output_delay (18)
--------------------------------
 There are 0 ports with no output delay specified.

 There are 18 ports with no output delay but user has a false path constraint (MEDIUM)

 There are 0 ports with no output delay but with a timing clock defined on it or propagating through it


7. checking multiple_clock (0)
------------------------------
 There are 0 register/latch pins with multiple clocks.


8. checking generated_clocks (0)
--------------------------------
 There are 0 generated clocks that are not connected to a clock source.


9. checking loops (0)
---------------------
 There are 0 combinational loops in the design.


10. checking partial_input_delay (0)
------------------------------------
 There are 0 input ports with partial input delay specified.


11. checking partial_output_delay (0)
-------------------------------------
 There are 0 ports with partial output delay specified.


12. checking latch_loops (0)
----------------------------
 There are 0 combinational latch loops in the design through latch input



------------------------------------------------------------------------------------------------
| Design Timing Summary
| ---------------------
------------------------------------------------------------------------------------------------

    WNS(ns)      TNS(ns)  TNS Failing Endpoints  TNS Total Endpoints      WHS(ns)      THS(ns)  THS Failing Endpoints  THS Total Endpoints     WPWS(ns)     TPWS(ns)  TPWS Failing Endpoints  TPWS Total Endpoints  
    -------      -------  ---------------------  -------------------      -------      -------  ---------------------  -------------------     --------     --------  ----------------------  --------------------  
      0.060        0.000                      0                 1215        0.122        0.000                      0                 1215        4.500        0.000                       0                   419  


All user specified timing constraints are met.


------------------------------------------------------------------------------------------------
| Clock Summary
| -------------
------------------------------------------------------------------------------------------------

Clock    Waveform(ns)       Period(ns)      Frequency(MHz)
-----    ------------       ----------      --------------
sys_clk  {0.000 5.000}      10.000          100.000         


------------------------------------------------------------------------------------------------
| Intra Clock Table
| -----------------
------------------------------------------------------------------------------------------------

Clock             WNS(ns)      TNS(ns)  TNS Failing Endpoints  TNS Total Endpoints      WHS(ns)      THS(ns)  THS Failing Endpoints  THS Total Endpoints     WPWS(ns)     TPWS(ns)  TPWS Failing Endpoints  TPWS Total Endpoints  
-----             -------      -------  ---------------------  -------------------      -------      -------  ---------------------  -------------------     --------     --------  ----------------------  --------------------  
sys_clk             0.060        0.000                      0                 1215        0.122        0.000                      0                 1215        4.500        0.000                       0                   419  


------------------------------------------------------------------------------------------------
| Inter Clock Table
| -----------------
------------------------------------------------------------------------------------------------

From Clock    To Clock          WNS(ns)      TNS(ns)  TNS Failing Endpoints  TNS Total Endpoints      WHS(ns)      THS(ns)  THS Failing Endpoints  THS Total Endpoints  
----------    --------          -------      -------  ---------------------  -------------------      -------      -------  ---------------------  -------------------  


------------------------------------------------------------------------------------------------
| Other Path Groups Table
| -----------------------
------------------------------------------------------------------------------------------------

Path Group    From Clock    To Clock          WNS(ns)      TNS(ns)  TNS Failing Endpoints  TNS Total Endpoints      WHS(ns)      THS(ns)  THS Failing Endpoints  THS Total Endpoints  
----------    ----------    --------          -------      -------  ---------------------  -------------------      -------      -------  ---------------------  -------------------  


------------------------------------------------------------------------------------------------
| User Ignored Path Table
| -----------------------
------------------------------------------------------------------------------------------------

Path Group    From Clock    To Clock    
----------    ----------    --------    
(none)                                    
(none)        sys_clk                     
(none)                      sys_clk       


------------------------------------------------------------------------------------------------
| Unconstrained Path Table
| ------------------------
------------------------------------------------------------------------------------------------

Path Group    From Clock    To Clock    
----------    ----------    --------    


------------------------------------------------------------------------------------------------
| Timing Details
| --------------
------------------------------------------------------------------------------------------------


---------------------------------------------------------------------------------------------------
From Clock:  sys_clk
  To Clock:  sys_clk

Setup :            0  Failing Endpoints,  Worst Slack        0.060ns,  Total Violation        0.000ns
Hold  :            0  Failing Endpoints,  Worst Slack        0.122ns,  Total Violation        0.000ns
PW    :            0  Failing Endpoints,  Worst Slack        4.500ns,  Total Violation        0.000ns
---------------------------------------------------------------------------------------------------


Max Delay Paths
--------------------------------------------------------------------------------------
Slack (MET) :             0.060ns  (required time - arrival time)
  Source:                 controller/i_candidate1/CLK
                            (rising edge-triggered cell DSP48E1 clocked by sys_clk  {rise@0.000ns fall@5.000ns period=10.000ns})
  Destination:            controller/candidate_reg[12]/D
                            (rising edge-triggered cell FDRE clocked by sys_clk  {rise@0.000ns fall@5.000ns period=10.000ns})
  Path Group:             sys_clk
  Path Type:              Setup (Max at Slow Process Corner)
  Requirement:            10.000ns  (sys_clk rise@10.000ns - sys_clk rise@0.000ns)
  Data Path Delay:        9.863ns  (logic 6.991ns (70.883%)  route 2.872ns (29.117%))
  Logic Levels:           14  (CARRY4=12 LUT2=1 LUT3=1)
  Clock Path Skew:        -0.119ns (DCD - SCD + CPR)
    Destination Clock Delay (DCD):    4.782ns = ( 14.782 - 10.000 ) 
    Source Clock Delay      (SCD):    5.158ns
    Clock Pessimism Removal (CPR):    0.258ns
  Clock Uncertainty:      0.035ns  ((TSJ^2 + TIJ^2)^1/2 + DJ) / 2 + PE
    Total System Jitter     (TSJ):    0.071ns
    Total Input Jitter      (TIJ):    0.000ns
    Discrete Jitter          (DJ):    0.000ns
    Phase Error              (PE):    0.000ns

    Location             Delay type                Incr(ns)  Path(ns)    Netlist Resource(s)
  -------------------------------------------------------------------    -------------------
                         (clock sys_clk rise edge)    0.000     0.000 r  
    W5                                                0.000     0.000 r  clk (IN)
                         net (fo=0)                   0.000     0.000    clk
    W5                   IBUF (Prop_ibuf_I_O)         1.458     1.458 r  clk_IBUF_inst/O
                         net (fo=1, routed)           1.967     3.425    clk_IBUF
    BUFGCTRL_X0Y0        BUFG (Prop_bufg_I_O)         0.096     3.521 r  clk_IBUF_BUFG_inst/O
                         net (fo=419, routed)         1.638     5.158    controller/CLK
    DSP48_X1Y32          DSP48E1                                      r  controller/i_candidate1/CLK
  -------------------------------------------------------------------    -------------------
    DSP48_X1Y32          DSP48E1 (Prop_dsp48e1_CLK_P[20])
                                                      4.009     9.167 r  controller/i_candidate1/P[20]
                         net (fo=1, routed)           0.866    10.033    controller/i_candidate1_n_85
    SLICE_X51Y85         LUT2 (Prop_lut2_I1_O)        0.124    10.157 r  controller/i_candidate_carry__0_i_4/O
                         net (fo=1, routed)           0.000    10.157    controller/i_candidate_carry__0_i_4_n_0
    SLICE_X51Y85         CARRY4 (Prop_carry4_S[0]_CO[3])
                                                      0.532    10.689 r  controller/i_candidate_carry__0/CO[3]
                         net (fo=1, routed)           0.000    10.689    controller/i_candidate_carry__0_n_0
    SLICE_X51Y86         CARRY4 (Prop_carry4_CI_CO[3])
                                                      0.114    10.803 r  controller/i_candidate_carry__1/CO[3]
                         net (fo=1, routed)           0.000    10.803    controller/i_candidate_carry__1_n_0
    SLICE_X51Y87         CARRY4 (Prop_carry4_CI_CO[3])
                                                      0.114    10.917 r  controller/i_candidate_carry__2/CO[3]
                         net (fo=1, routed)           0.000    10.917    controller/i_candidate_carry__2_n_0
    SLICE_X51Y88         CARRY4 (Prop_carry4_CI_CO[3])
                                                      0.114    11.031 r  controller/i_candidate_carry__3/CO[3]
                         net (fo=1, routed)           0.000    11.031    controller/i_candidate_carry__3_n_0
    SLICE_X51Y89         CARRY4 (Prop_carry4_CI_CO[3])
                                                      0.114    11.145 r  controller/i_candidate_carry__4/CO[3]
                         net (fo=1, routed)           0.000    11.145    controller/i_candidate_carry__4_n_0
    SLICE_X51Y90         CARRY4 (Prop_carry4_CI_CO[3])
                                                      0.114    11.259 r  controller/i_candidate_carry__5/CO[3]
                         net (fo=1, routed)           0.000    11.259    controller/i_candidate_carry__5_n_0
    SLICE_X51Y91         CARRY4 (Prop_carry4_CI_CO[3])
                                                      0.114    11.373 r  controller/i_candidate_carry__6/CO[3]
                         net (fo=1, routed)           0.000    11.373    controller/i_candidate_carry__6_n_0
    SLICE_X51Y92         CARRY4 (Prop_carry4_CI_CO[0])
                                                      0.271    11.644 r  controller/candidate1_carry__1_i_1/CO[0]
                         net (fo=62, routed)          0.720    12.364    controller/candidate1_carry__1_i_1_n_3
    SLICE_X53Y94         CARRY4 (Prop_carry4_S[0]_CO[3])
                                                      0.905    13.269 r  controller/candidate1_inferred__0/i__carry__3/CO[3]
                         net (fo=1, routed)           0.000    13.269    controller/candidate1_inferred__0/i__carry__3_n_0
    SLICE_X53Y95         CARRY4 (Prop_carry4_CI_CO[3])
                                                      0.114    13.383 r  controller/candidate1_inferred__0/i__carry__4/CO[3]
                         net (fo=1, routed)           0.000    13.383    controller/candidate1_inferred__0/i__carry__4_n_0
    SLICE_X53Y96         CARRY4 (Prop_carry4_CI_CO[3])
                                                      0.114    13.497 r  controller/candidate1_inferred__0/i__carry__5/CO[3]
                         net (fo=1, routed)           0.000    13.497    controller/candidate1_inferred__0/i__carry__5_n_0
    SLICE_X53Y97         CARRY4 (Prop_carry4_CI_CO[3])
                                                      0.114    13.611 r  controller/candidate1_inferred__0/i__carry__6/CO[3]
                         net (fo=32, routed)          1.287    14.897    controller/candidate10_in
    SLICE_X50Y91         LUT3 (Prop_lut3_I0_O)        0.124    15.021 r  controller/candidate[12]_i_1/O
                         net (fo=1, routed)           0.000    15.021    controller/candidate[12]_i_1_n_0
    SLICE_X50Y91         FDRE                                         r  controller/candidate_reg[12]/D
  -------------------------------------------------------------------    -------------------

                         (clock sys_clk rise edge)   10.000    10.000 r  
    W5                                                0.000    10.000 r  clk (IN)
                         net (fo=0)                   0.000    10.000    clk
    W5                   IBUF (Prop_ibuf_I_O)         1.388    11.388 r  clk_IBUF_inst/O
                         net (fo=1, routed)           1.862    13.250    clk_IBUF
    BUFGCTRL_X0Y0        BUFG (Prop_bufg_I_O)         0.091    13.341 r  clk_IBUF_BUFG_inst/O
                         net (fo=419, routed)         1.441    14.782    controller/CLK
    SLICE_X50Y91         FDRE                                         r  controller/candidate_reg[12]/C
                         clock pessimism              0.258    15.040    
                         clock uncertainty           -0.035    15.005    
    SLICE_X50Y91         FDRE (Setup_fdre_C_D)        0.077    15.082    controller/candidate_reg[12]
  -------------------------------------------------------------------
                         required time                         15.082    
                         arrival time                         -15.021    
  -------------------------------------------------------------------
                         slack                                  0.060    





Min Delay Paths
--------------------------------------------------------------------------------------
Slack (MET) :             0.122ns  (arrival time - required time)
  Source:                 sw_meta_reg[1]/C
                            (rising edge-triggered cell FDRE clocked by sys_clk  {rise@0.000ns fall@5.000ns period=10.000ns})
  Destination:            sw_sync_reg[1]/D
                            (rising edge-triggered cell FDRE clocked by sys_clk  {rise@0.000ns fall@5.000ns period=10.000ns})
  Path Group:             sys_clk
  Path Type:              Hold (Min at Fast Process Corner)
  Requirement:            0.000ns  (sys_clk rise@0.000ns - sys_clk rise@0.000ns)
  Data Path Delay:        0.197ns  (logic 0.141ns (71.611%)  route 0.056ns (28.389%))
  Logic Levels:           0  
  Clock Path Skew:        0.000ns (DCD - SCD - CPR)
    Destination Clock Delay (DCD):    1.953ns
    Source Clock Delay      (SCD):    1.440ns
    Clock Pessimism Removal (CPR):    0.513ns

    Location             Delay type                Incr(ns)  Path(ns)    Netlist Resource(s)
  -------------------------------------------------------------------    -------------------
                         (clock sys_clk rise edge)    0.000     0.000 r  
    W5                                                0.000     0.000 r  clk (IN)
                         net (fo=0)                   0.000     0.000    clk
    W5                   IBUF (Prop_ibuf_I_O)         0.226     0.226 r  clk_IBUF_inst/O
                         net (fo=1, routed)           0.631     0.858    clk_IBUF
    BUFGCTRL_X0Y0        BUFG (Prop_bufg_I_O)         0.026     0.884 r  clk_IBUF_BUFG_inst/O
                         net (fo=419, routed)         0.557     1.440    clk_IBUF_BUFG
    SLICE_X51Y81         FDRE                                         r  sw_meta_reg[1]/C
  -------------------------------------------------------------------    -------------------
    SLICE_X51Y81         FDRE (Prop_fdre_C_Q)         0.141     1.581 r  sw_meta_reg[1]/Q
                         net (fo=1, routed)           0.056     1.637    sw_meta[1]
    SLICE_X51Y81         FDRE                                         r  sw_sync_reg[1]/D
  -------------------------------------------------------------------    -------------------

                         (clock sys_clk rise edge)    0.000     0.000 r  
    W5                                                0.000     0.000 r  clk (IN)
                         net (fo=0)                   0.000     0.000    clk
    W5                   IBUF (Prop_ibuf_I_O)         0.414     0.414 r  clk_IBUF_inst/O
                         net (fo=1, routed)           0.685     1.099    clk_IBUF
    BUFGCTRL_X0Y0        BUFG (Prop_bufg_I_O)         0.029     1.128 r  clk_IBUF_BUFG_inst/O
                         net (fo=419, routed)         0.825     1.953    clk_IBUF_BUFG
    SLICE_X51Y81         FDRE                                         r  sw_sync_reg[1]/C
                         clock pessimism             -0.513     1.440    
    SLICE_X51Y81         FDRE (Hold_fdre_C_D)         0.075     1.515    sw_sync_reg[1]
  -------------------------------------------------------------------
                         required time                         -1.515    
                         arrival time                           1.637    
  -------------------------------------------------------------------
                         slack                                  0.122    





Pulse Width Checks
--------------------------------------------------------------------------------------
Clock Name:         sys_clk
Waveform(ns):       { 0.000 5.000 }
Period(ns):         10.000
Sources:            { clk }

Check Type        Corner  Lib Pin      Reference Pin  Required(ns)  Actual(ns)  Slack(ns)  Location      Pin
Min Period        n/a     DSP48E1/CLK  n/a            3.884         10.000      6.116      DSP48_X1Y34   controller/p_term1/CLK
Low Pulse Width   Slow    FDRE/C       n/a            0.500         5.000       4.500      SLICE_X48Y76  armed_reg/C
High Pulse Width  Slow    FDRE/C       n/a            0.500         5.000       4.500      SLICE_X48Y76  armed_reg/C



--------------------------------------------------------------------------------------
Path Group:  (none)
From Clock:  
  To Clock:  

Max Delay             3 Endpoints
Min Delay             3 Endpoints
--------------------------------------------------------------------------------------


Max Delay Paths
--------------------------------------------------------------------------------------
Slack:                    inf
  Source:                 btnC
                            (input port)
  Destination:            led[3]
                            (output port)
  Path Group:             (none)
  Path Type:              Max at Slow Process Corner
  Data Path Delay:        16.560ns  (logic 5.198ns (31.390%)  route 11.362ns (68.610%))
  Logic Levels:           4  (IBUF=1 LUT4=2 OBUF=1)
  Timing Exception:       False Path

    Location             Delay type                Incr(ns)  Path(ns)    Netlist Resource(s)
  -------------------------------------------------------------------    -------------------
    U18                                               0.000     0.000 f  btnC (IN)
                         net (fo=0)                   0.000     0.000    btnC
    U18                  IBUF (Prop_ibuf_I_O)         1.441     1.441 f  btnC_IBUF_inst/O
                         net (fo=6, routed)           5.350     6.791    resetter/btnC_IBUF
    SLICE_X50Y84         LUT4 (Prop_lut4_I0_O)        0.124     6.915 r  resetter/motor_in1_OBUF_inst_i_1/O
                         net (fo=4, routed)           1.634     8.549    resetter/motor_in1_OBUF
    SLICE_X50Y75         LUT4 (Prop_lut4_I1_O)        0.124     8.673 r  resetter/led_OBUF[3]_inst_i_1/O
                         net (fo=1, routed)           4.378    13.051    led_OBUF[3]
    V19                  OBUF (Prop_obuf_I_O)         3.509    16.560 r  led_OBUF[3]_inst/O
                         net (fo=0)                   0.000    16.560    led[3]
    V19                                                               r  led[3] (OUT)
  -------------------------------------------------------------------    -------------------





Min Delay Paths
--------------------------------------------------------------------------------------
Slack:                    inf
  Source:                 btnC
                            (input port)
  Destination:            motor_in1
                            (output port)
  Path Group:             (none)
  Path Type:              Min at Fast Process Corner
  Data Path Delay:        4.445ns  (logic 1.472ns (33.108%)  route 2.973ns (66.892%))
  Logic Levels:           3  (IBUF=1 LUT4=1 OBUF=1)
  Timing Exception:       False Path

    Location             Delay type                Incr(ns)  Path(ns)    Netlist Resource(s)
  -------------------------------------------------------------------    -------------------
    U18                                               0.000     0.000 f  btnC (IN)
                         net (fo=0)                   0.000     0.000    btnC
    U18                  IBUF (Prop_ibuf_I_O)         0.210     0.210 f  btnC_IBUF_inst/O
                         net (fo=6, routed)           2.373     2.582    resetter/btnC_IBUF
    SLICE_X50Y84         LUT4 (Prop_lut4_I0_O)        0.045     2.627 r  resetter/motor_in1_OBUF_inst_i_1/O
                         net (fo=4, routed)           0.600     3.228    motor_in1_OBUF
    L2                   OBUF (Prop_obuf_I_O)         1.217     4.445 r  motor_in1_OBUF_inst/O
                         net (fo=0)                   0.000     4.445    motor_in1
    L2                                                                r  motor_in1 (OUT)
  -------------------------------------------------------------------    -------------------





--------------------------------------------------------------------------------------
Path Group:  (none)
From Clock:  sys_clk
  To Clock:  

Max Delay            18 Endpoints
Min Delay            18 Endpoints
--------------------------------------------------------------------------------------


Max Delay Paths
--------------------------------------------------------------------------------------
Slack:                    inf
  Source:                 resetter/reset_pipe_reg[1]/C
                            (rising edge-triggered cell FDPE clocked by sys_clk  {rise@0.000ns fall@5.000ns period=10.000ns})
  Destination:            led[3]
                            (output port)
  Path Group:             (none)
  Path Type:              Max at Slow Process Corner
  Data Path Delay:        12.523ns  (logic 4.351ns (34.745%)  route 8.172ns (65.255%))
  Logic Levels:           3  (LUT4=2 OBUF=1)
  Clock Uncertainty:      0.025ns  ((TSJ^2 + TIJ^2)^1/2 + DJ) / 2 + PE
    Total System Jitter     (TSJ):    0.050ns
    Total Input Jitter      (TIJ):    0.000ns
    Discrete Jitter          (DJ):    0.000ns
    Phase Error              (PE):    0.000ns
  Timing Exception:       False Path

    Location             Delay type                Incr(ns)  Path(ns)    Netlist Resource(s)
  -------------------------------------------------------------------    -------------------
                         (clock sys_clk rise edge)    0.000     0.000 r  
    W5                                                0.000     0.000 r  clk (IN)
                         net (fo=0)                   0.000     0.000    clk
    W5                   IBUF (Prop_ibuf_I_O)         1.458     1.458 r  clk_IBUF_inst/O
                         net (fo=1, routed)           1.967     3.425    clk_IBUF
    BUFGCTRL_X0Y0        BUFG (Prop_bufg_I_O)         0.096     3.521 r  clk_IBUF_BUFG_inst/O
                         net (fo=419, routed)         1.541     5.062    resetter/CLK
    SLICE_X48Y77         FDPE                                         r  resetter/reset_pipe_reg[1]/C
  -------------------------------------------------------------------    -------------------
    SLICE_X48Y77         FDPE (Prop_fdpe_C_Q)         0.419     5.481 f  resetter/reset_pipe_reg[1]/Q
                         net (fo=49, routed)          2.159     7.640    resetter/reset_pipe[1]
    SLICE_X50Y84         LUT4 (Prop_lut4_I2_O)        0.299     7.939 r  resetter/motor_in1_OBUF_inst_i_1/O
                         net (fo=4, routed)           1.634     9.573    resetter/motor_in1_OBUF
    SLICE_X50Y75         LUT4 (Prop_lut4_I1_O)        0.124     9.697 r  resetter/led_OBUF[3]_inst_i_1/O
                         net (fo=1, routed)           4.378    14.075    led_OBUF[3]
    V19                  OBUF (Prop_obuf_I_O)         3.509    17.584 r  led_OBUF[3]_inst/O
                         net (fo=0)                   0.000    17.584    led[3]
    V19                                                               r  led[3] (OUT)
  -------------------------------------------------------------------    -------------------





Min Delay Paths
--------------------------------------------------------------------------------------
Slack:                    inf
  Source:                 pulse_display_reg[12]/C
                            (rising edge-triggered cell FDRE clocked by sys_clk  {rise@0.000ns fall@5.000ns period=10.000ns})
  Destination:            led[12]
                            (output port)
  Path Group:             (none)
  Path Type:              Min at Fast Process Corner
  Data Path Delay:        2.222ns  (logic 1.405ns (63.237%)  route 0.817ns (36.763%))
  Logic Levels:           2  (LUT3=1 OBUF=1)
  Clock Uncertainty:      0.025ns  ((TSJ^2 + TIJ^2)^1/2 + DJ) / 2 + PE
    Total System Jitter     (TSJ):    0.050ns
    Total Input Jitter      (TIJ):    0.000ns
    Discrete Jitter          (DJ):    0.000ns
    Phase Error              (PE):    0.000ns
  Timing Exception:       False Path

    Location             Delay type                Incr(ns)  Path(ns)    Netlist Resource(s)
  -------------------------------------------------------------------    -------------------
                         (clock sys_clk rise edge)    0.000     0.000 r  
    W5                                                0.000     0.000 r  clk (IN)
                         net (fo=0)                   0.000     0.000    clk
    W5                   IBUF (Prop_ibuf_I_O)         0.226     0.226 r  clk_IBUF_inst/O
                         net (fo=1, routed)           0.631     0.858    clk_IBUF
    BUFGCTRL_X0Y0        BUFG (Prop_bufg_I_O)         0.026     0.884 r  clk_IBUF_BUFG_inst/O
                         net (fo=419, routed)         0.554     1.437    clk_IBUF_BUFG
    SLICE_X53Y78         FDRE                                         r  pulse_display_reg[12]/C
  -------------------------------------------------------------------    -------------------
    SLICE_X53Y78         FDRE (Prop_fdre_C_Q)         0.141     1.578 r  pulse_display_reg[12]/Q
                         net (fo=1, routed)           0.203     1.781    encoder/led[15][6]
    SLICE_X54Y78         LUT3 (Prop_lut3_I0_O)        0.045     1.826 r  encoder/led_OBUF[12]_inst_i_1/O
                         net (fo=1, routed)           0.614     2.440    led_OBUF[12]
    P3                   OBUF (Prop_obuf_I_O)         1.219     3.659 r  led_OBUF[12]_inst/O
                         net (fo=0)                   0.000     3.659    led[12]
    P3                                                                r  led[12] (OUT)
  -------------------------------------------------------------------    -------------------





--------------------------------------------------------------------------------------
Path Group:  (none)
From Clock:  
  To Clock:  sys_clk

Max Delay            50 Endpoints
Min Delay            50 Endpoints
--------------------------------------------------------------------------------------


Max Delay Paths
--------------------------------------------------------------------------------------
Slack:                    inf
  Source:                 btnC
                            (input port)
  Destination:            armed_reg/D
                            (rising edge-triggered cell FDRE clocked by sys_clk  {rise@0.000ns fall@5.000ns period=10.000ns})
  Path Group:             (none)
  Path Type:              Setup (Max at Slow Process Corner)
  Data Path Delay:        8.488ns  (logic 1.813ns (21.364%)  route 6.674ns (78.636%))
  Logic Levels:           4  (IBUF=1 LUT4=1 LUT6=2)
  Clock Path Skew:        4.767ns (DCD - SCD + CPR)
    Destination Clock Delay (DCD):    4.767ns
    Source Clock Delay      (SCD):    0.000ns
    Clock Pessimism Removal (CPR):    0.000ns
  Clock Uncertainty:      0.025ns  ((TSJ^2 + TIJ^2)^1/2 + DJ) / 2 + PE
    Total System Jitter     (TSJ):    0.050ns
    Total Input Jitter      (TIJ):    0.000ns
    Discrete Jitter          (DJ):    0.000ns
    Phase Error              (PE):    0.000ns
  Timing Exception:       False Path

    Location             Delay type                Incr(ns)  Path(ns)    Netlist Resource(s)
  -------------------------------------------------------------------    -------------------
    U18                                               0.000     0.000 r  btnC (IN)
                         net (fo=0)                   0.000     0.000    btnC
    U18                  IBUF (Prop_ibuf_I_O)         1.441     1.441 r  btnC_IBUF_inst/O
                         net (fo=6, routed)           5.350     6.791    resetter/btnC_IBUF
    SLICE_X50Y84         LUT4 (Prop_lut4_I0_O)        0.124     6.915 f  resetter/motor_in1_OBUF_inst_i_1/O
                         net (fo=4, routed)           0.174     7.089    controller/motor_in1_OBUF
    SLICE_X50Y84         LUT6 (Prop_lut6_I2_O)        0.124     7.213 r  controller/stall_count[0]_i_1/O
                         net (fo=27, routed)          1.150     8.364    resetter/armed_reg_1
    SLICE_X48Y76         LUT6 (Prop_lut6_I1_O)        0.124     8.488 r  resetter/armed_i_1/O
                         net (fo=1, routed)           0.000     8.488    resetter_n_10
    SLICE_X48Y76         FDRE                                         r  armed_reg/D
  -------------------------------------------------------------------    -------------------

                         (clock sys_clk rise edge)    0.000     0.000 r  
    W5                                                0.000     0.000 r  clk (IN)
                         net (fo=0)                   0.000     0.000    clk
    W5                   IBUF (Prop_ibuf_I_O)         1.388     1.388 r  clk_IBUF_inst/O
                         net (fo=1, routed)           1.862     3.250    clk_IBUF
    BUFGCTRL_X0Y0        BUFG (Prop_bufg_I_O)         0.091     3.341 r  clk_IBUF_BUFG_inst/O
                         net (fo=419, routed)         1.426     4.767    clk_IBUF_BUFG
    SLICE_X48Y76         FDRE                                         r  armed_reg/C





Min Delay Paths
--------------------------------------------------------------------------------------
Slack:                    inf
  Source:                 encoder_a
                            (input port)
  Destination:            encoder/sync_reg[0]/D
                            (rising edge-triggered cell FDRE clocked by sys_clk  {rise@0.000ns fall@5.000ns period=10.000ns})
  Path Group:             (none)
  Path Type:              Hold (Min at Fast Process Corner)
  Data Path Delay:        1.139ns  (logic 0.203ns (17.855%)  route 0.936ns (82.145%))
  Logic Levels:           1  (IBUF=1)
  Clock Path Skew:        1.946ns (DCD - SCD - CPR)
    Destination Clock Delay (DCD):    1.946ns
    Source Clock Delay      (SCD):    0.000ns
    Clock Pessimism Removal (CPR):    -0.000ns
  Timing Exception:       False Path

    Location             Delay type                Incr(ns)  Path(ns)    Netlist Resource(s)
  -------------------------------------------------------------------    -------------------
    G2                                                0.000     0.000 r  encoder_a (IN)
                         net (fo=0)                   0.000     0.000    encoder_a
    G2                   IBUF (Prop_ibuf_I_O)         0.203     0.203 r  encoder_a_IBUF_inst/O
                         net (fo=1, routed)           0.936     1.139    encoder/sync_reg[0]_0[0]
    SLICE_X53Y74         FDRE                                         r  encoder/sync_reg[0]/D
  -------------------------------------------------------------------    -------------------

                         (clock sys_clk rise edge)    0.000     0.000 r  
    W5                                                0.000     0.000 r  clk (IN)
                         net (fo=0)                   0.000     0.000    clk
    W5                   IBUF (Prop_ibuf_I_O)         0.414     0.414 r  clk_IBUF_inst/O
                         net (fo=1, routed)           0.685     1.099    clk_IBUF
    BUFGCTRL_X0Y0        BUFG (Prop_bufg_I_O)         0.029     1.128 r  clk_IBUF_BUFG_inst/O
                         net (fo=419, routed)         0.818     1.946    encoder/CLK
    SLICE_X53Y74         FDRE                                         r  encoder/sync_reg[0]/C





