Copyright 1986-2022 Xilinx, Inc. All Rights Reserved. Copyright 2022-2024 Advanced Micro Devices, Inc. All Rights Reserved.
-------------------------------------------------------------------------------------------------------------------------------------------------------------------
| Tool Version : Vivado v.2024.2 (lin64) Build 5239630 Fri Nov 08 22:34:34 MST 2024
| Date         : Sun Sep 13 10:58:18 2026
| Host         : dlgus0630-850XAC running 64-bit Ubuntu 24.04.4 LTS
| Command      : report_timing_summary -report_unconstrained -file /home/dlgus0630/Downloads/fpga_fourier_pid_v4/Project07_MotorControl/reports/laplace/timing.rpt
| Design       : laplace_basys3_top
| Device       : 7a35t-cpg236
| Speed File   : -1  PRODUCTION 1.23 2018-06-13
| Design State : Routed
-------------------------------------------------------------------------------------------------------------------------------------------------------------------

Timing Summary Report

------------------------------------------------------------------------------------------------
| Timer Settings
| --------------
------------------------------------------------------------------------------------------------

  Enable Multi Corner Analysis               :  Yes
  Enable Pessimism Removal                   :  Yes
  Pessimism Removal Resolution               :  Nearest Common Node
  Enable Input Delay Default Clock           :  No
  Enable Preset / Clear Arcs                 :  No
  Disable Flight Delays                      :  No
  Ignore I/O Paths                           :  No
  Timing Early Launch at Borrowing Latches   :  No
  Borrow Time for Max Delay Exceptions       :  Yes
  Merge Timing Exceptions                    :  Yes
  Inter-SLR Compensation                     :  Conservative

  Corner  Analyze    Analyze    
  Name    Max Paths  Min Paths  
  ------  ---------  ---------  
  Slow    Yes        Yes        
  Fast    Yes        Yes        


------------------------------------------------------------------------------------------------
| Report Methodology
| ------------------
------------------------------------------------------------------------------------------------

No report available as report_methodology has not been run prior. Run report_methodology on the current design for the summary of methodology violations.



check_timing report

Table of Contents
-----------------
1. checking no_clock (0)
2. checking constant_clock (0)
3. checking pulse_width_clock (0)
4. checking unconstrained_internal_endpoints (0)
5. checking no_input_delay (7)
6. checking no_output_delay (18)
7. checking multiple_clock (0)
8. checking generated_clocks (0)
9. checking loops (0)
10. checking partial_input_delay (0)
11. checking partial_output_delay (0)
12. checking latch_loops (0)

1. checking no_clock (0)
------------------------
 There are 0 register/latch pins with no clock.


2. checking constant_clock (0)
------------------------------
 There are 0 register/latch pins with constant_clock.


3. checking pulse_width_clock (0)
---------------------------------
 There are 0 register/latch pins which need pulse_width check


4. checking unconstrained_internal_endpoints (0)
------------------------------------------------
 There are 0 pins that are not constrained for maximum delay.

 There are 0 pins that are not constrained for maximum delay due to constant clock.


5. checking no_input_delay (7)
------------------------------
 There are 0 input ports with no input delay specified.

 There are 7 input ports with no input delay but user has a false path constraint. (MEDIUM)


6. checking no_output_delay (18)
--------------------------------
 There are 0 ports with no output delay specified.

 There are 18 ports with no output delay but user has a false path constraint (MEDIUM)

 There are 0 ports with no output delay but with a timing clock defined on it or propagating through it


7. checking multiple_clock (0)
------------------------------
 There are 0 register/latch pins with multiple clocks.


8. checking generated_clocks (0)
--------------------------------
 There are 0 generated clocks that are not connected to a clock source.


9. checking loops (0)
---------------------
 There are 0 combinational loops in the design.


10. checking partial_input_delay (0)
------------------------------------
 There are 0 input ports with partial input delay specified.


11. checking partial_output_delay (0)
-------------------------------------
 There are 0 ports with partial output delay specified.


12. checking latch_loops (0)
----------------------------
 There are 0 combinational latch loops in the design through latch input



------------------------------------------------------------------------------------------------
| Design Timing Summary
| ---------------------
------------------------------------------------------------------------------------------------

    WNS(ns)      TNS(ns)  TNS Failing Endpoints  TNS Total Endpoints      WHS(ns)      THS(ns)  THS Failing Endpoints  THS Total Endpoints     WPWS(ns)     TPWS(ns)  TPWS Failing Endpoints  TPWS Total Endpoints  
    -------      -------  ---------------------  -------------------      -------      -------  ---------------------  -------------------     --------     --------  ----------------------  --------------------  
      0.143        0.000                      0                 1213        0.121        0.000                      0                 1213        4.500        0.000                       0                   418  


All user specified timing constraints are met.


------------------------------------------------------------------------------------------------
| Clock Summary
| -------------
------------------------------------------------------------------------------------------------

Clock    Waveform(ns)       Period(ns)      Frequency(MHz)
-----    ------------       ----------      --------------
sys_clk  {0.000 5.000}      10.000          100.000         


------------------------------------------------------------------------------------------------
| Intra Clock Table
| -----------------
------------------------------------------------------------------------------------------------

Clock             WNS(ns)      TNS(ns)  TNS Failing Endpoints  TNS Total Endpoints      WHS(ns)      THS(ns)  THS Failing Endpoints  THS Total Endpoints     WPWS(ns)     TPWS(ns)  TPWS Failing Endpoints  TPWS Total Endpoints  
-----             -------      -------  ---------------------  -------------------      -------      -------  ---------------------  -------------------     --------     --------  ----------------------  --------------------  
sys_clk             0.143        0.000                      0                 1213        0.121        0.000                      0                 1213        4.500        0.000                       0                   418  


------------------------------------------------------------------------------------------------
| Inter Clock Table
| -----------------
------------------------------------------------------------------------------------------------

From Clock    To Clock          WNS(ns)      TNS(ns)  TNS Failing Endpoints  TNS Total Endpoints      WHS(ns)      THS(ns)  THS Failing Endpoints  THS Total Endpoints  
----------    --------          -------      -------  ---------------------  -------------------      -------      -------  ---------------------  -------------------  


------------------------------------------------------------------------------------------------
| Other Path Groups Table
| -----------------------
------------------------------------------------------------------------------------------------

Path Group    From Clock    To Clock          WNS(ns)      TNS(ns)  TNS Failing Endpoints  TNS Total Endpoints      WHS(ns)      THS(ns)  THS Failing Endpoints  THS Total Endpoints  
----------    ----------    --------          -------      -------  ---------------------  -------------------      -------      -------  ---------------------  -------------------  


------------------------------------------------------------------------------------------------
| User Ignored Path Table
| -----------------------
------------------------------------------------------------------------------------------------

Path Group    From Clock    To Clock    
----------    ----------    --------    
(none)                                    
(none)        sys_clk                     
(none)                      sys_clk       


------------------------------------------------------------------------------------------------
| Unconstrained Path Table
| ------------------------
------------------------------------------------------------------------------------------------

Path Group    From Clock    To Clock    
----------    ----------    --------    


------------------------------------------------------------------------------------------------
| Timing Details
| --------------
------------------------------------------------------------------------------------------------


---------------------------------------------------------------------------------------------------
From Clock:  sys_clk
  To Clock:  sys_clk

Setup :            0  Failing Endpoints,  Worst Slack        0.143ns,  Total Violation        0.000ns
Hold  :            0  Failing Endpoints,  Worst Slack        0.121ns,  Total Violation        0.000ns
PW    :            0  Failing Endpoints,  Worst Slack        4.500ns,  Total Violation        0.000ns
---------------------------------------------------------------------------------------------------


Max Delay Paths
--------------------------------------------------------------------------------------
Slack (MET) :             0.143ns  (required time - arrival time)
  Source:                 encoder/count_reg[0]/C
                            (rising edge-triggered cell FDRE clocked by sys_clk  {rise@0.000ns fall@5.000ns period=10.000ns})
  Destination:            encoder/speed_reg[12]/D
                            (rising edge-triggered cell FDRE clocked by sys_clk  {rise@0.000ns fall@5.000ns period=10.000ns})
  Path Group:             sys_clk
  Path Type:              Setup (Max at Slow Process Corner)
  Requirement:            10.000ns  (sys_clk rise@10.000ns - sys_clk rise@0.000ns)
  Data Path Delay:        9.810ns  (logic 6.514ns (66.403%)  route 3.296ns (33.597%))
  Logic Levels:           14  (CARRY4=8 DSP48E1=1 LUT3=1 LUT4=2 LUT5=1 LUT6=1)
  Clock Path Skew:        -0.041ns (DCD - SCD + CPR)
    Destination Clock Delay (DCD):    4.772ns = ( 14.772 - 10.000 ) 
    Source Clock Delay      (SCD):    5.071ns
    Clock Pessimism Removal (CPR):    0.258ns
  Clock Uncertainty:      0.035ns  ((TSJ^2 + TIJ^2)^1/2 + DJ) / 2 + PE
    Total System Jitter     (TSJ):    0.071ns
    Total Input Jitter      (TIJ):    0.000ns
    Discrete Jitter          (DJ):    0.000ns
    Phase Error              (PE):    0.000ns

    Location             Delay type                Incr(ns)  Path(ns)    Netlist Resource(s)
  -------------------------------------------------------------------    -------------------
                         (clock sys_clk rise edge)    0.000     0.000 r  
    W5                                                0.000     0.000 r  clk (IN)
                         net (fo=0)                   0.000     0.000    clk
    W5                   IBUF (Prop_ibuf_I_O)         1.458     1.458 r  clk_IBUF_inst/O
                         net (fo=1, routed)           1.967     3.425    clk_IBUF
    BUFGCTRL_X0Y0        BUFG (Prop_bufg_I_O)         0.096     3.521 r  clk_IBUF_BUFG_inst/O
                         net (fo=418, routed)         1.550     5.071    encoder/CLK
    SLICE_X54Y67         FDRE                                         r  encoder/count_reg[0]/C
  -------------------------------------------------------------------    -------------------
    SLICE_X54Y67         FDRE (Prop_fdre_C_Q)         0.518     5.589 r  encoder/count_reg[0]/Q
                         net (fo=4, routed)           0.544     6.133    encoder/count_reg[0]
    SLICE_X54Y67         LUT3 (Prop_lut3_I0_O)        0.124     6.257 r  encoder/scaled_product_i_18/O
                         net (fo=1, routed)           0.000     6.257    encoder/scaled_product_i_18_n_0
    SLICE_X54Y67         CARRY4 (Prop_carry4_S[0]_CO[3])
                                                      0.513     6.770 r  encoder/scaled_product_i_7/CO[3]
                         net (fo=1, routed)           0.000     6.770    encoder/scaled_product_i_7_n_0
    SLICE_X54Y68         CARRY4 (Prop_carry4_CI_CO[3])
                                                      0.117     6.887 r  encoder/scaled_product_i_23/CO[3]
                         net (fo=1, routed)           0.000     6.887    encoder/scaled_product_i_23_n_0
    SLICE_X54Y69         CARRY4 (Prop_carry4_CI_CO[3])
                                                      0.117     7.004 r  encoder/scaled_product_i_15/CO[3]
                         net (fo=1, routed)           0.000     7.004    encoder/scaled_product_i_15_n_0
    SLICE_X54Y70         CARRY4 (Prop_carry4_CI_CO[3])
                                                      0.117     7.121 r  encoder/scaled_product_i_16/CO[3]
                         net (fo=1, routed)           0.000     7.121    encoder/scaled_product_i_16_n_0
    SLICE_X54Y71         CARRY4 (Prop_carry4_CI_CO[3])
                                                      0.117     7.238 r  encoder/scaled_product_i_12/CO[3]
                         net (fo=1, routed)           0.000     7.238    encoder/scaled_product_i_12_n_0
    SLICE_X54Y72         CARRY4 (Prop_carry4_CI_CO[3])
                                                      0.117     7.355 r  encoder/scaled_product_i_13/CO[3]
                         net (fo=1, routed)           0.000     7.355    encoder/scaled_product_i_13_n_0
    SLICE_X54Y73         CARRY4 (Prop_carry4_CI_CO[3])
                                                      0.117     7.472 r  encoder/scaled_product_i_19/CO[3]
                         net (fo=1, routed)           0.000     7.472    encoder/scaled_product_i_19_n_0
    SLICE_X54Y74         CARRY4 (Prop_carry4_CI_O[1])
                                                      0.323     7.795 r  encoder/scaled_product_i_10/O[1]
                         net (fo=1, routed)           0.569     8.364    encoder/scaled_product_i_10_n_6
    SLICE_X57Y72         LUT4 (Prop_lut4_I3_O)        0.306     8.670 r  encoder/scaled_product_i_21/O
                         net (fo=1, routed)           0.491     9.161    encoder/scaled_product_i_21_n_0
    SLICE_X51Y70         LUT5 (Prop_lut5_I4_O)        0.124     9.285 r  encoder/scaled_product_i_8/O
                         net (fo=6, routed)           0.458     9.743    encoder/scaled_product_i_8_n_0
    SLICE_X52Y70         LUT4 (Prop_lut4_I3_O)        0.124     9.867 r  encoder/scaled_product_i_1/O
                         net (fo=1, routed)           0.552    10.419    encoder/B[3]
    DSP48_X1Y28          DSP48E1 (Prop_dsp48e1_B[3]_P[24])
                                                      3.656    14.075 r  encoder/scaled_product/P[24]
                         net (fo=1, routed)           0.682    14.757    encoder/scaled[12]
    SLICE_X57Y71         LUT6 (Prop_lut6_I0_O)        0.124    14.881 r  encoder/speed[12]_i_1/O
                         net (fo=1, routed)           0.000    14.881    encoder/speed[12]_i_1_n_0
    SLICE_X57Y71         FDRE                                         r  encoder/speed_reg[12]/D
  -------------------------------------------------------------------    -------------------

                         (clock sys_clk rise edge)   10.000    10.000 r  
    W5                                                0.000    10.000 r  clk (IN)
                         net (fo=0)                   0.000    10.000    clk
    W5                   IBUF (Prop_ibuf_I_O)         1.388    11.388 r  clk_IBUF_inst/O
                         net (fo=1, routed)           1.862    13.250    clk_IBUF
    BUFGCTRL_X0Y0        BUFG (Prop_bufg_I_O)         0.091    13.341 r  clk_IBUF_BUFG_inst/O
                         net (fo=418, routed)         1.431    14.772    encoder/CLK
    SLICE_X57Y71         FDRE                                         r  encoder/speed_reg[12]/C
                         clock pessimism              0.258    15.030    
                         clock uncertainty           -0.035    14.995    
    SLICE_X57Y71         FDRE (Setup_fdre_C_D)        0.029    15.024    encoder/speed_reg[12]
  -------------------------------------------------------------------
                         required time                         15.024    
                         arrival time                         -14.881    
  -------------------------------------------------------------------
                         slack                                  0.143    





Min Delay Paths
--------------------------------------------------------------------------------------
Slack (MET) :             0.121ns  (arrival time - required time)
  Source:                 sw_meta_reg[3]/C
                            (rising edge-triggered cell FDRE clocked by sys_clk  {rise@0.000ns fall@5.000ns period=10.000ns})
  Destination:            sw_sync_reg[3]/D
                            (rising edge-triggered cell FDRE clocked by sys_clk  {rise@0.000ns fall@5.000ns period=10.000ns})
  Path Group:             sys_clk
  Path Type:              Hold (Min at Fast Process Corner)
  Requirement:            0.000ns  (sys_clk rise@0.000ns - sys_clk rise@0.000ns)
  Data Path Delay:        0.197ns  (logic 0.141ns (71.611%)  route 0.056ns (28.389%))
  Logic Levels:           0  
  Clock Path Skew:        0.000ns (DCD - SCD - CPR)
    Destination Clock Delay (DCD):    1.949ns
    Source Clock Delay      (SCD):    1.437ns
    Clock Pessimism Removal (CPR):    0.512ns

    Location             Delay type                Incr(ns)  Path(ns)    Netlist Resource(s)
  -------------------------------------------------------------------    -------------------
                         (clock sys_clk rise edge)    0.000     0.000 r  
    W5                                                0.000     0.000 r  clk (IN)
                         net (fo=0)                   0.000     0.000    clk
    W5                   IBUF (Prop_ibuf_I_O)         0.226     0.226 r  clk_IBUF_inst/O
                         net (fo=1, routed)           0.631     0.858    clk_IBUF
    BUFGCTRL_X0Y0        BUFG (Prop_bufg_I_O)         0.026     0.884 r  clk_IBUF_BUFG_inst/O
                         net (fo=418, routed)         0.554     1.437    clk_IBUF_BUFG
    SLICE_X49Y71         FDRE                                         r  sw_meta_reg[3]/C
  -------------------------------------------------------------------    -------------------
    SLICE_X49Y71         FDRE (Prop_fdre_C_Q)         0.141     1.578 r  sw_meta_reg[3]/Q
                         net (fo=1, routed)           0.056     1.634    sw_meta[3]
    SLICE_X49Y71         FDRE                                         r  sw_sync_reg[3]/D
  -------------------------------------------------------------------    -------------------

                         (clock sys_clk rise edge)    0.000     0.000 r  
    W5                                                0.000     0.000 r  clk (IN)
                         net (fo=0)                   0.000     0.000    clk
    W5                   IBUF (Prop_ibuf_I_O)         0.414     0.414 r  clk_IBUF_inst/O
                         net (fo=1, routed)           0.685     1.099    clk_IBUF
    BUFGCTRL_X0Y0        BUFG (Prop_bufg_I_O)         0.029     1.128 r  clk_IBUF_BUFG_inst/O
                         net (fo=418, routed)         0.822     1.949    clk_IBUF_BUFG
    SLICE_X49Y71         FDRE                                         r  sw_sync_reg[3]/C
                         clock pessimism             -0.512     1.437    
    SLICE_X49Y71         FDRE (Hold_fdre_C_D)         0.076     1.513    sw_sync_reg[3]
  -------------------------------------------------------------------
                         required time                         -1.513    
                         arrival time                           1.634    
  -------------------------------------------------------------------
                         slack                                  0.121    





Pulse Width Checks
--------------------------------------------------------------------------------------
Clock Name:         sys_clk
Waveform(ns):       { 0.000 5.000 }
Period(ns):         10.000
Sources:            { clk }

Check Type        Corner  Lib Pin      Reference Pin  Required(ns)  Actual(ns)  Slack(ns)  Location      Pin
Min Period        n/a     DSP48E1/CLK  n/a            3.884         10.000      6.116      DSP48_X1Y31   controller/p_term1/CLK
Low Pulse Width   Slow    FDRE/C       n/a            0.500         5.000       4.500      SLICE_X46Y73  armed_reg/C
High Pulse Width  Slow    FDRE/C       n/a            0.500         5.000       4.500      SLICE_X46Y73  armed_reg/C



--------------------------------------------------------------------------------------
Path Group:  (none)
From Clock:  
  To Clock:  

Max Delay             3 Endpoints
Min Delay             3 Endpoints
--------------------------------------------------------------------------------------


Max Delay Paths
--------------------------------------------------------------------------------------
Slack:                    inf
  Source:                 btnC
                            (input port)
  Destination:            led[3]
                            (output port)
  Path Group:             (none)
  Path Type:              Max at Slow Process Corner
  Data Path Delay:        15.338ns  (logic 5.426ns (35.377%)  route 9.912ns (64.623%))
  Logic Levels:           4  (IBUF=1 LUT4=2 OBUF=1)
  Timing Exception:       False Path

    Location             Delay type                Incr(ns)  Path(ns)    Netlist Resource(s)
  -------------------------------------------------------------------    -------------------
    U18                                               0.000     0.000 f  btnC (IN)
                         net (fo=0)                   0.000     0.000    btnC
    U18                  IBUF (Prop_ibuf_I_O)         1.441     1.441 f  btnC_IBUF_inst/O
                         net (fo=6, routed)           4.477     5.918    resetter/btnC_IBUF
    SLICE_X49Y74         LUT4 (Prop_lut4_I0_O)        0.150     6.068 r  resetter/motor_in1_OBUF_inst_i_1/O
                         net (fo=4, routed)           0.988     7.057    resetter/motor_in1_OBUF
    SLICE_X49Y72         LUT4 (Prop_lut4_I1_O)        0.326     7.383 r  resetter/led_OBUF[3]_inst_i_1/O
                         net (fo=1, routed)           4.447    11.829    led_OBUF[3]
    V19                  OBUF (Prop_obuf_I_O)         3.509    15.338 r  led_OBUF[3]_inst/O
                         net (fo=0)                   0.000    15.338    led[3]
    V19                                                               r  led[3] (OUT)
  -------------------------------------------------------------------    -------------------





Min Delay Paths
--------------------------------------------------------------------------------------
Slack:                    inf
  Source:                 btnC
                            (input port)
  Destination:            motor_pwm
                            (output port)
  Path Group:             (none)
  Path Type:              Min at Fast Process Corner
  Data Path Delay:        4.301ns  (logic 1.461ns (33.960%)  route 2.840ns (66.040%))
  Logic Levels:           3  (IBUF=1 LUT5=1 OBUF=1)
  Timing Exception:       False Path

    Location             Delay type                Incr(ns)  Path(ns)    Netlist Resource(s)
  -------------------------------------------------------------------    -------------------
    U18                                               0.000     0.000 f  btnC (IN)
                         net (fo=0)                   0.000     0.000    btnC
    U18                  IBUF (Prop_ibuf_I_O)         0.210     0.210 f  btnC_IBUF_inst/O
                         net (fo=6, routed)           1.963     2.173    pwm_unit/btnC_IBUF
    SLICE_X49Y74         LUT5 (Prop_lut5_I4_O)        0.045     2.218 r  pwm_unit/motor_pwm_OBUF_inst_i_1/O
                         net (fo=1, routed)           0.877     3.095    motor_pwm_OBUF
    J1                   OBUF (Prop_obuf_I_O)         1.206     4.301 r  motor_pwm_OBUF_inst/O
                         net (fo=0)                   0.000     4.301    motor_pwm
    J1                                                                r  motor_pwm (OUT)
  -------------------------------------------------------------------    -------------------





--------------------------------------------------------------------------------------
Path Group:  (none)
From Clock:  sys_clk
  To Clock:  

Max Delay            18 Endpoints
Min Delay            18 Endpoints
--------------------------------------------------------------------------------------


Max Delay Paths
--------------------------------------------------------------------------------------
Slack:                    inf
  Source:                 pwm_unit/count_reg[3]/C
                            (rising edge-triggered cell FDRE clocked by sys_clk  {rise@0.000ns fall@5.000ns period=10.000ns})
  Destination:            led[3]
                            (output port)
  Path Group:             (none)
  Path Type:              Max at Slow Process Corner
  Data Path Delay:        11.911ns  (logic 5.161ns (43.331%)  route 6.750ns (56.669%))
  Logic Levels:           5  (CARRY4=2 LUT4=2 OBUF=1)
  Clock Uncertainty:      0.025ns  ((TSJ^2 + TIJ^2)^1/2 + DJ) / 2 + PE
    Total System Jitter     (TSJ):    0.050ns
    Total Input Jitter      (TIJ):    0.000ns
    Discrete Jitter          (DJ):    0.000ns
    Phase Error              (PE):    0.000ns
  Timing Exception:       False Path

    Location             Delay type                Incr(ns)  Path(ns)    Netlist Resource(s)
  -------------------------------------------------------------------    -------------------
                         (clock sys_clk rise edge)    0.000     0.000 r  
    W5                                                0.000     0.000 r  clk (IN)
                         net (fo=0)                   0.000     0.000    clk
    W5                   IBUF (Prop_ibuf_I_O)         1.458     1.458 r  clk_IBUF_inst/O
                         net (fo=1, routed)           1.967     3.425    clk_IBUF
    BUFGCTRL_X0Y0        BUFG (Prop_bufg_I_O)         0.096     3.521 r  clk_IBUF_BUFG_inst/O
                         net (fo=418, routed)         1.543     5.064    pwm_unit/CLK
    SLICE_X47Y80         FDRE                                         r  pwm_unit/count_reg[3]/C
  -------------------------------------------------------------------    -------------------
    SLICE_X47Y80         FDRE (Prop_fdre_C_Q)         0.456     5.520 r  pwm_unit/count_reg[3]/Q
                         net (fo=4, routed)           1.347     6.867    pwm_unit/count_reg[3]
    SLICE_X52Y81         LUT4 (Prop_lut4_I1_O)        0.124     6.991 r  pwm_unit/pwm0_carry_i_7/O
                         net (fo=1, routed)           0.000     6.991    pwm_unit/pwm0_carry_i_7_n_0
    SLICE_X52Y81         CARRY4 (Prop_carry4_S[1]_CO[3])
                                                      0.533     7.524 r  pwm_unit/pwm0_carry/CO[3]
                         net (fo=1, routed)           0.000     7.524    pwm_unit/pwm0_carry_n_0
    SLICE_X52Y82         CARRY4 (Prop_carry4_CI_CO[2])
                                                      0.229     7.753 r  pwm_unit/pwm0_carry__0/CO[2]
                         net (fo=2, routed)           0.956     8.709    resetter/CO[0]
    SLICE_X49Y72         LUT4 (Prop_lut4_I2_O)        0.310     9.019 r  resetter/led_OBUF[3]_inst_i_1/O
                         net (fo=1, routed)           4.447    13.466    led_OBUF[3]
    V19                  OBUF (Prop_obuf_I_O)         3.509    16.975 r  led_OBUF[3]_inst/O
                         net (fo=0)                   0.000    16.975    led[3]
    V19                                                               r  led[3] (OUT)
  -------------------------------------------------------------------    -------------------





Min Delay Paths
--------------------------------------------------------------------------------------
Slack:                    inf
  Source:                 pulse_display_reg[12]/C
                            (rising edge-triggered cell FDRE clocked by sys_clk  {rise@0.000ns fall@5.000ns period=10.000ns})
  Destination:            led[12]
                            (output port)
  Path Group:             (none)
  Path Type:              Min at Fast Process Corner
  Data Path Delay:        2.152ns  (logic 1.405ns (65.296%)  route 0.747ns (34.704%))
  Logic Levels:           2  (LUT3=1 OBUF=1)
  Clock Uncertainty:      0.025ns  ((TSJ^2 + TIJ^2)^1/2 + DJ) / 2 + PE
    Total System Jitter     (TSJ):    0.050ns
    Total Input Jitter      (TIJ):    0.000ns
    Discrete Jitter          (DJ):    0.000ns
    Phase Error              (PE):    0.000ns
  Timing Exception:       False Path

    Location             Delay type                Incr(ns)  Path(ns)    Netlist Resource(s)
  -------------------------------------------------------------------    -------------------
                         (clock sys_clk rise edge)    0.000     0.000 r  
    W5                                                0.000     0.000 r  clk (IN)
                         net (fo=0)                   0.000     0.000    clk
    W5                   IBUF (Prop_ibuf_I_O)         0.226     0.226 r  clk_IBUF_inst/O
                         net (fo=1, routed)           0.631     0.858    clk_IBUF
    BUFGCTRL_X0Y0        BUFG (Prop_bufg_I_O)         0.026     0.884 r  clk_IBUF_BUFG_inst/O
                         net (fo=418, routed)         0.551     1.434    clk_IBUF_BUFG
    SLICE_X53Y74         FDRE                                         r  pulse_display_reg[12]/C
  -------------------------------------------------------------------    -------------------
    SLICE_X53Y74         FDRE (Prop_fdre_C_Q)         0.141     1.575 r  pulse_display_reg[12]/Q
                         net (fo=1, routed)           0.156     1.731    encoder/led[15][6]
    SLICE_X53Y74         LUT3 (Prop_lut3_I0_O)        0.045     1.776 r  encoder/led_OBUF[12]_inst_i_1/O
                         net (fo=1, routed)           0.591     2.367    led_OBUF[12]
    P3                   OBUF (Prop_obuf_I_O)         1.219     3.586 r  led_OBUF[12]_inst/O
                         net (fo=0)                   0.000     3.586    led[12]
    P3                                                                r  led[12] (OUT)
  -------------------------------------------------------------------    -------------------





--------------------------------------------------------------------------------------
Path Group:  (none)
From Clock:  
  To Clock:  sys_clk

Max Delay            50 Endpoints
Min Delay            50 Endpoints
--------------------------------------------------------------------------------------


Max Delay Paths
--------------------------------------------------------------------------------------
Slack:                    inf
  Source:                 btnC
                            (input port)
  Destination:            armed_reg/D
                            (rising edge-triggered cell FDRE clocked by sys_clk  {rise@0.000ns fall@5.000ns period=10.000ns})
  Path Group:             (none)
  Path Type:              Setup (Max at Slow Process Corner)
  Data Path Delay:        9.284ns  (logic 2.041ns (21.988%)  route 7.242ns (78.012%))
  Logic Levels:           4  (IBUF=1 LUT4=1 LUT6=2)
  Clock Path Skew:        4.764ns (DCD - SCD + CPR)
    Destination Clock Delay (DCD):    4.764ns
    Source Clock Delay      (SCD):    0.000ns
    Clock Pessimism Removal (CPR):    0.000ns
  Clock Uncertainty:      0.025ns  ((TSJ^2 + TIJ^2)^1/2 + DJ) / 2 + PE
    Total System Jitter     (TSJ):    0.050ns
    Total Input Jitter      (TIJ):    0.000ns
    Discrete Jitter          (DJ):    0.000ns
    Phase Error              (PE):    0.000ns
  Timing Exception:       False Path

    Location             Delay type                Incr(ns)  Path(ns)    Netlist Resource(s)
  -------------------------------------------------------------------    -------------------
    U18                                               0.000     0.000 r  btnC (IN)
                         net (fo=0)                   0.000     0.000    btnC
    U18                  IBUF (Prop_ibuf_I_O)         1.441     1.441 r  btnC_IBUF_inst/O
                         net (fo=6, routed)           4.477     5.918    resetter/btnC_IBUF
    SLICE_X49Y74         LUT4 (Prop_lut4_I0_O)        0.150     6.068 f  resetter/motor_in1_OBUF_inst_i_1/O
                         net (fo=4, routed)           0.893     6.962    controller/motor_in1_OBUF
    SLICE_X51Y78         LUT6 (Prop_lut6_I2_O)        0.326     7.288 r  controller/stall_count[0]_i_1/O
                         net (fo=27, routed)          1.872     9.160    resetter/armed_reg_1
    SLICE_X46Y73         LUT6 (Prop_lut6_I1_O)        0.124     9.284 r  resetter/armed_i_1/O
                         net (fo=1, routed)           0.000     9.284    resetter_n_10
    SLICE_X46Y73         FDRE                                         r  armed_reg/D
  -------------------------------------------------------------------    -------------------

                         (clock sys_clk rise edge)    0.000     0.000 r  
    W5                                                0.000     0.000 r  clk (IN)
                         net (fo=0)                   0.000     0.000    clk
    W5                   IBUF (Prop_ibuf_I_O)         1.388     1.388 r  clk_IBUF_inst/O
                         net (fo=1, routed)           1.862     3.250    clk_IBUF
    BUFGCTRL_X0Y0        BUFG (Prop_bufg_I_O)         0.091     3.341 r  clk_IBUF_BUFG_inst/O
                         net (fo=418, routed)         1.423     4.764    clk_IBUF_BUFG
    SLICE_X46Y73         FDRE                                         r  armed_reg/C





Min Delay Paths
--------------------------------------------------------------------------------------
Slack:                    inf
  Source:                 encoder_a
                            (input port)
  Destination:            encoder/sync_reg[0]/D
                            (rising edge-triggered cell FDRE clocked by sys_clk  {rise@0.000ns fall@5.000ns period=10.000ns})
  Path Group:             (none)
  Path Type:              Hold (Min at Fast Process Corner)
  Data Path Delay:        1.039ns  (logic 0.203ns (19.579%)  route 0.835ns (80.421%))
  Logic Levels:           1  (IBUF=1)
  Clock Path Skew:        1.954ns (DCD - SCD - CPR)
    Destination Clock Delay (DCD):    1.954ns
    Source Clock Delay      (SCD):    0.000ns
    Clock Pessimism Removal (CPR):    -0.000ns
  Timing Exception:       False Path

    Location             Delay type                Incr(ns)  Path(ns)    Netlist Resource(s)
  -------------------------------------------------------------------    -------------------
    G2                                                0.000     0.000 r  encoder_a (IN)
                         net (fo=0)                   0.000     0.000    encoder_a
    G2                   IBUF (Prop_ibuf_I_O)         0.203     0.203 r  encoder_a_IBUF_inst/O
                         net (fo=1, routed)           0.835     1.039    encoder/sync_reg[0]_0[0]
    SLICE_X57Y67         FDRE                                         r  encoder/sync_reg[0]/D
  -------------------------------------------------------------------    -------------------

                         (clock sys_clk rise edge)    0.000     0.000 r  
    W5                                                0.000     0.000 r  clk (IN)
                         net (fo=0)                   0.000     0.000    clk
    W5                   IBUF (Prop_ibuf_I_O)         0.414     0.414 r  clk_IBUF_inst/O
                         net (fo=1, routed)           0.685     1.099    clk_IBUF
    BUFGCTRL_X0Y0        BUFG (Prop_bufg_I_O)         0.029     1.128 r  clk_IBUF_BUFG_inst/O
                         net (fo=418, routed)         0.826     1.954    encoder/CLK
    SLICE_X57Y67         FDRE                                         r  encoder/sync_reg[0]/C





